[10:42:01] TEMP 31 OK
[10:42:02] BATT 98 OK
[10:42:03] MOTOR 2210 OK
[10:42:04] TEMP 32 OK
[10:42:05] BATT 91 OK
[10:42:06] TEMP 57 WARNING
[10:42:07] MOTOR 2420 OK
[10:42:08] BATT 12 WARNING
[10:42:09] TEMP 39 OK
[10:42:10] BATT 83 OK
[10:42:11] MOTOR 2380 OK
[10:42:12] TEMP 36 OK
[10:42:13] BATT 81 OK
[10:42:14] MOTOR 2460 OK
[10:42:15] TEMP 38 OK
[10:42:16] BATT 79 OK
[10:42:17] MOTOR 2510 OK
[10:42:18] TEMP 41 OK
[10:42:19] BATT 77 OK
[10:42:20] MOTOR 2590 OK
[10:42:21] TEMP 44 OK
[10:42:22] BATT 75 OK
[10:42:23] MOTOR 2670 OK
[10:42:24] TEMP 48 OK
[10:42:25] BATT 72 OK
[10:42:26] MOTOR 2740 OK
[10:42:27] TEMP 51 WARNING
[10:42:28] BATT 69 OK
[10:42:29] MOTOR 2810 OK
[10:42:30] TEMP 46 OK
[10:42:31] BATT 66 OK
[10:42:32] MOTOR 2890 OK
[10:42:33] TEMP 43 OK
[10:42:34] BATT 62 OK
[10:42:35] MOTOR 2950 OK
[10:42:36] TEMP 45 OK
[10:42:37] BATT 58 OK
[10:42:38] MOTOR 3040 WARNING
[10:42:39] TEMP 47 OK
[10:42:40] BATT 54 OK
[10:42:41] MOTOR 2980 OK
[10:42:42] TEMP 49 OK
[10:42:43] BATT 49 OK
[10:42:44] MOTOR 2920 OK
[10:42:45] TEMP 52 WARNING
[10:42:46] BATT 44 OK
[10:42:47] MOTOR 2870 OK
[10:42:48] TEMP 47 OK
[10:42:49] BATT 39 OK
[10:42:50] MOTOR 2790 OK
[10:42:51] TEMP 44 OK
[10:42:52] BATT 34 OK
[10:42:53] MOTOR 2710 OK
[10:42:54] TEMP 42 OK
[10:42:55] BATT 29 OK
[10:42:56] MOTOR 2650 OK
[10:42:57] TEMP 40 OK
[10:42:58] BATT 24 OK
[10:42:59] MOTOR 2580 OK
[10:43:00] TEMP 39 OK
[10:43:01] BATT 19 OK
[10:43:02] MOTOR 2520 OK
[10:43:03] TEMP 41 OK
[10:43:04] BATT 14 WARNING
[10:43:05] MOTOR 2470 OK
[10:43:06] TEMP 43 OK
[10:43:07] BATT 11 WARNING
[10:43:08] MOTOR 2410 OK
[10:43:09] TEMP 45 OK
[10:43:10] BATT 9 WARNING
[10:43:11] MOTOR 2350 OK
[10:43:12] TEMP 46 OK
[10:43:13] BATT 8 WARNING
[10:43:14] MOTOR 2290 OK
[10:43:15] TEMP 48 OK
[10:43:16] BATT 7 WARNING
[10:43:17] MOTOR 2230 OK
[10:43:18] TEMP 50 OK
[10:43:19] BATT 6 WARNING
[10:43:20] MOTOR 2160 OK
